// Vitest Snapshot v1, https://vitest.dev/guide/snapshot.html

exports[`Button Component > Snapshots > should match snapshot for loading state 1`] = `
<button
  aria-busy="true"
  class="font-medium rounded-lg transition-colors focus:outline-none focus:ring-2 bg-blue-600 text-white hover:bg-blue-700 focus:ring-blue-500 px-4 py-2 text-base opacity-50 cursor-not-allowed "
  disabled=""
>
  <span
    class="inline-flex items-center"
  >
    <svg
      aria-hidden="true"
      class="animate-spin -ml-1 mr-2 h-4 w-4"
      fill="none"
      viewBox="0 0 24 24"
      xmlns="http://www.w3.org/2000/svg"
    >
      <circle
        class="opacity-25"
        cx="12"
        cy="12"
        r="10"
        stroke="currentColor"
        stroke-width="4"
      />
      <path
        class="opacity-75"
        d="M4 12a8 8 0 018-8V0C5.373 0 0 5.373 0 12h4zm2 5.291A7.962 7.962 0 014 12H0c0 3.042 1.135 5.824 3 7.938l3-2.647z"
        fill="currentColor"
      />
    </svg>
    Loading...
  </span>
</button>
`;

exports[`Button Component > Snapshots > should match snapshot for primary variant 1`] = `
<button
  aria-busy="false"
  class="font-medium rounded-lg transition-colors focus:outline-none focus:ring-2 bg-blue-600 text-white hover:bg-blue-700 focus:ring-blue-500 px-4 py-2 text-base  "
>
  Primary
</button>
`;
