// Vitest Snapshot v1, https://vitest.dev/guide/snapshot.html

exports[`Homepage Snapshots > should match snapshot for default state 1`] = `
<div
  class="font-sans grid grid-rows-[20px_1fr_20px] items-center justify-items-center min-h-screen p-8 pb-20 gap-16 sm:p-20"
>
  <main
    class="flex flex-col gap-[32px] row-start-2 items-center sm:items-start"
  >
    <img
      alt="Next.js logo"
      class="dark:invert"
      height="38"
      src="/next.svg"
      width="180"
    />
    <ol
      class="font-mono list-inside list-decimal text-sm/6 text-center sm:text-left"
    >
      <li
        class="mb-2 tracking-[-.01em]"
      >
        Get started by editing
         
        <code
          class="bg-black/[.05] dark:bg-white/[.06] font-mono font-semibold px-1 py-0.5 rounded"
        >
          app/page.tsx
        </code>
        .
      </li>
      <li
        class="tracking-[-.01em]"
      >
        Save and see your changes instantly.
      </li>
    </ol>
    <div
      class="flex gap-4 items-center flex-col sm:flex-row"
    >
      <a
        class="rounded-full border border-solid border-transparent transition-colors flex items-center justify-center bg-foreground text-background gap-2 hover:bg-[#383838] dark:hover:bg-[#ccc] font-medium text-sm sm:text-base h-10 sm:h-12 px-4 sm:px-5 sm:w-auto"
        href="https://vercel.com/new?utm_source=create-next-app&utm_medium=appdir-template-tw&utm_campaign=create-next-app"
        rel="noopener noreferrer"
        target="_blank"
      >
        <img
          alt="Vercel logomark"
          class="dark:invert"
          height="20"
          src="/vercel.svg"
          width="20"
        />
        Deploy now
      </a>
      <a
        class="rounded-full border border-solid border-black/[.08] dark:border-white/[.145] transition-colors flex items-center justify-center hover:bg-[#f2f2f2] dark:hover:bg-[#1a1a1a] hover:border-transparent font-medium text-sm sm:text-base h-10 sm:h-12 px-4 sm:px-5 w-full sm:w-auto md:w-[158px]"
        href="https://nextjs.org/docs?utm_source=create-next-app&utm_medium=appdir-template-tw&utm_campaign=create-next-app"
        rel="noopener noreferrer"
        target="_blank"
      >
        Read our docs
      </a>
    </div>
  </main>
  <footer
    class="row-start-3 flex gap-[24px] flex-wrap items-center justify-center"
  >
    <a
      class="flex items-center gap-2 hover:underline hover:underline-offset-4"
      href="https://nextjs.org/learn?utm_source=create-next-app&utm_medium=appdir-template-tw&utm_campaign=create-next-app"
      rel="noopener noreferrer"
      target="_blank"
    >
      <img
        alt="File icon"
        aria-hidden="true"
        height="16"
        src="/file.svg"
        width="16"
      />
      Learn
    </a>
    <a
      class="flex items-center gap-2 hover:underline hover:underline-offset-4"
      href="https://vercel.com/templates?framework=next.js&utm_source=create-next-app&utm_medium=appdir-template-tw&utm_campaign=create-next-app"
      rel="noopener noreferrer"
      target="_blank"
    >
      <img
        alt="Window icon"
        aria-hidden="true"
        height="16"
        src="/window.svg"
        width="16"
      />
      Examples
    </a>
    <a
      class="flex items-center gap-2 hover:underline hover:underline-offset-4"
      href="https://nextjs.org?utm_source=create-next-app&utm_medium=appdir-template-tw&utm_campaign=create-next-app"
      rel="noopener noreferrer"
      target="_blank"
    >
      <img
        alt="Globe icon"
        aria-hidden="true"
        height="16"
        src="/globe.svg"
        width="16"
      />
      Go to nextjs.org â†’
    </a>
  </footer>
</div>
`;
